============================================================
TESTING NEXT SPRINT FEATURES (UN-97, UN-81, UN-77, UN-91)
============================================================

[TEST] UN-97: Security Baseline
python : Traceback (most recent call last):
At line:1 char:85
+ ... ST\FINAL UX\backend" ; python test_next_sprint_simple.py 2>&1 | Tee-O ...
+                            ~~~~~~~~~~~~~~~~~~~~~~~~~~~~~~~~~~~~~~
    + CategoryInfo          : NotSpecified: (Traceback (most recent call last) 
   ::String) [], RemoteException
    + FullyQualifiedErrorId : NativeCommandError
 
  File "D:\Code\Software Engineering Lab\Development UniSkills TEST\FINAL 
UX\backend\test_next_sprint_simple.py", line 30, in test_un97_security
    PasswordValidator.validate_password_strength("weak")
    ~~~~~~~~~~~~~~~~~~~~~~~~~~~~~~~~~~~~~~~~~~~~^^^^^^^^
  File "D:\Code\Software Engineering Lab\Development UniSkills TEST\FINAL 
UX\backend\accounts\user_management\security.py", line 18, in 
validate_password_strength
    raise ValidationError("Password must be at least 8 characters long")
django.core.exceptions.ValidationError: ['Password must be at least 8 
characters long']

During handling of the above exception, another exception occurred:

Traceback (most recent call last):
  File "D:\Code\Software Engineering Lab\Development UniSkills TEST\FINAL 
UX\backend\test_next_sprint_simple.py", line 126, in <module>
    test_un97_security()
    ~~~~~~~~~~~~~~~~~~^^
  File "D:\Code\Software Engineering Lab\Development UniSkills TEST\FINAL 
UX\backend\test_next_sprint_simple.py", line 33, in test_un97_security
    print("\u2713 Weak password rejected")
    ~~~~~^^^^^^^^^^^^^^^^^^^^^^^^^^^^
  File "C:\Users\samij\AppData\Local\Programs\Python\Python313\Lib\encodings\cp
1252.py", line 19, in encode
    return codecs.charmap_encode(input,self.errors,encoding_table)[0]
           ~~~~~~~~~~~~~~~~~~~~~^^^^^^^^^^^^^^^^^^^^^^^^^^^^^^^^^^
UnicodeEncodeError: 'charmap' codec can't encode character '\u2713' in 
position 0: character maps to <undefined>

During handling of the above exception, another exception occurred:

Traceback (most recent call last):
  File "D:\Code\Software Engineering Lab\Development UniSkills TEST\FINAL 
UX\backend\test_next_sprint_simple.py", line 135, in <module>
    print(f"\n\u2717 Test failed: {str(e)}")
    ~~~~~^^^^^^^^^^^^^^^^^^^^^^^^^^^^^^
  File "C:\Users\samij\AppData\Local\Programs\Python\Python313\Lib\encodings\cp
1252.py", line 19, in encode
    return codecs.charmap_encode(input,self.errors,encoding_table)[0]
           ~~~~~~~~~~~~~~~~~~~~~^^^^^^^^^^^^^^^^^^^^^^^^^^^^^^^^^^
UnicodeEncodeError: 'charmap' codec can't encode character '\u2717' in 
position 2: character maps to <undefined>
